rows 28
cols 33
players 2
max_points 20

treasure 0 9
treasure 1 3
treasure 2 5
treasure 3 3
treasure 4 1
treasure 5 1
treasure 6 1
treasure 7 4
treasure 8 1
treasure 9 1
treasure 10 1
treasure 11 1
treasure 12 1
treasure 13 1
treasure 14 1
treasure 15 1
treasure 16 1
treasure 17 1
treasure 18 2

powerup s 5 16 0 50 50 2
powerup a 1 1 0 50 50 36
powerup a 1 31 0 50 50 36

powerup s 5 16 100 150 50 2
powerup a 1 1 100 150 50 36
powerup a 1 31 100 150 50 36

powerup s 5 16 200 250 50 3
powerup a 1 1 200 250 50 36
powerup a 1 31 200 250 50 36

powerup s 5 16 300 350 50 3
powerup a 1 1 300 350 50 64
powerup a 1 31 300 350 50 64

powerup a 5 16 400 450 50 64
powerup s 21 16 400 450 50 4

powerup a 5 16 500 550 50 64
powerup s 21 16 500 550 50 4

powerup s 5 16 600 650 50 4
powerup a 21 16 600 650 50 64

powerup s 6 16 700 750 50 4
powerup a 22 16 700 750 50 64

powerup s 11 16 800 850 50 5
powerup a 23 16 800 850 50 64

powerup s 6 16 900 950 50 6
powerup a 24 16 900 950 50 81



m .................................
m ................$................
m .................................
m ...........$....$....$...........
m .................................
m ...........$.........$...........
m .................................
m ............$...$...$............
m .................................
m .................................
m ................$................
m .................................
m ..........$...........$..........
m ..............$...$..............
m .................................
m ...........$.........$...........
m .................................
m .............$.....$.............
m .................................
m ................$................
m .................................
m .................................
m .................................
m .a.............................b.
m ..a...........................b..
m ...a.........................b...
m ....a.......................b....
m .................................
